$ cmake --build /home/node/s2r-t3/out/tmp/stsai-native-jgim04v_/build --config Release --parallel 2
exit code: 0

[  3%] Building CXX object CMakeFiles/_lightspeed.dir/bridge.cpp.o
[  6%] Building CXX object CMakeFiles/_lightspeed.dir/home/node/s2r-t3/out/tmp/stsai-native-jgim04v_/engine/src/combat/Actions.cpp.o
[  9%] Building CXX object CMakeFiles/_lightspeed.dir/home/node/s2r-t3/out/tmp/stsai-native-jgim04v_/engine/src/combat/BattleContext.cpp.o
[ 12%] Building CXX object CMakeFiles/_lightspeed.dir/home/node/s2r-t3/out/tmp/stsai-native-jgim04v_/engine/src/combat/CardInstance.cpp.o
[ 16%] Building CXX object CMakeFiles/_lightspeed.dir/home/node/s2r-t3/out/tmp/stsai-native-jgim04v_/engine/src/combat/CardManager.cpp.o
[ 19%] Building CXX object CMakeFiles/_lightspeed.dir/home/node/s2r-t3/out/tmp/stsai-native-jgim04v_/engine/src/combat/CardQueue.cpp.o
[ 22%] Building CXX object CMakeFiles/_lightspeed.dir/home/node/s2r-t3/out/tmp/stsai-native-jgim04v_/engine/src/combat/Monster.cpp.o
[ 25%] Building CXX object CMakeFiles/_lightspeed.dir/home/node/s2r-t3/out/tmp/stsai-native-jgim04v_/engine/src/combat/MonsterGroup.cpp.o
[ 29%] Building CXX object CMakeFiles/_lightspeed.dir/home/node/s2r-t3/out/tmp/stsai-native-jgim04v_/engine/src/combat/MonsterMoveDamage.cpp.o
[ 32%] Building CXX object CMakeFiles/_lightspeed.dir/home/node/s2r-t3/out/tmp/stsai-native-jgim04v_/engine/src/combat/MonsterSpecific.cpp.o
[ 35%] Building CXX object CMakeFiles/_lightspeed.dir/home/node/s2r-t3/out/tmp/stsai-native-jgim04v_/engine/src/combat/Player.cpp.o
[ 38%] Building CXX object CMakeFiles/_lightspeed.dir/home/node/s2r-t3/out/tmp/stsai-native-jgim04v_/engine/src/game/Card.cpp.o
[ 41%] Building CXX object CMakeFiles/_lightspeed.dir/home/node/s2r-t3/out/tmp/stsai-native-jgim04v_/engine/src/game/CombatReward.cpp.o
[ 45%] Building CXX object CMakeFiles/_lightspeed.dir/home/node/s2r-t3/out/tmp/stsai-native-jgim04v_/engine/src/game/Deck.cpp.o
[ 48%] Building CXX object CMakeFiles/_lightspeed.dir/home/node/s2r-t3/out/tmp/stsai-native-jgim04v_/engine/src/game/Game.cpp.o
[ 51%] Building CXX object CMakeFiles/_lightspeed.dir/home/node/s2r-t3/out/tmp/stsai-native-jgim04v_/engine/src/game/GameContext.cpp.o
[ 54%] Building CXX object CMakeFiles/_lightspeed.dir/home/node/s2r-t3/out/tmp/stsai-native-jgim04v_/engine/src/game/Map.cpp.o
[ 58%] Building CXX object CMakeFiles/_lightspeed.dir/home/node/s2r-t3/out/tmp/stsai-native-jgim04v_/engine/src/game/Neow.cpp.o
[ 61%] Building CXX object CMakeFiles/_lightspeed.dir/home/node/s2r-t3/out/tmp/stsai-native-jgim04v_/engine/src/game/SaveFile.cpp.o
[ 64%] Building CXX object CMakeFiles/_lightspeed.dir/home/node/s2r-t3/out/tmp/stsai-native-jgim04v_/engine/src/game/Shop.cpp.o
[ 67%] Building CXX object CMakeFiles/_lightspeed.dir/home/node/s2r-t3/out/tmp/stsai-native-jgim04v_/engine/src/sim/BattleSimulator.cpp.o
[ 70%] Building CXX object CMakeFiles/_lightspeed.dir/home/node/s2r-t3/out/tmp/stsai-native-jgim04v_/engine/src/sim/ConsoleSimulator.cpp.o
[ 74%] Building CXX object CMakeFiles/_lightspeed.dir/home/node/s2r-t3/out/tmp/stsai-native-jgim04v_/engine/src/sim/PrintHelpers.cpp.o
[ 77%] Building CXX object CMakeFiles/_lightspeed.dir/home/node/s2r-t3/out/tmp/stsai-native-jgim04v_/engine/src/sim/SimHelpers.cpp.o
[ 80%] Building CXX object CMakeFiles/_lightspeed.dir/home/node/s2r-t3/out/tmp/stsai-native-jgim04v_/engine/src/sim/search/Action.cpp.o
[ 83%] Building CXX object CMakeFiles/_lightspeed.dir/home/node/s2r-t3/out/tmp/stsai-native-jgim04v_/engine/src/sim/search/BattleScumSearcher2.cpp.o
[ 87%] Building CXX object CMakeFiles/_lightspeed.dir/home/node/s2r-t3/out/tmp/stsai-native-jgim04v_/engine/src/sim/search/ExpertKnowledge.cpp.o
[ 90%] Building CXX object CMakeFiles/_lightspeed.dir/home/node/s2r-t3/out/tmp/stsai-native-jgim04v_/engine/src/sim/search/GameAction.cpp.o
[ 93%] Building CXX object CMakeFiles/_lightspeed.dir/home/node/s2r-t3/out/tmp/stsai-native-jgim04v_/engine/src/sim/search/ScumSearchAgent2.cpp.o
[ 96%] Building CXX object CMakeFiles/_lightspeed.dir/home/node/s2r-t3/out/tmp/stsai-native-jgim04v_/engine/src/sim/search/SimpleAgent.cpp.o
[100%] Linking CXX shared module /home/node/s2r-t3/out/tmp/stsai-native-jgim04v_/module/_lightspeed.cpython-312-x86_64-linux-gnu.so
[100%] Built target _lightspeed

lto-wrapper: warning: using serial compilation of 11 LTRANS jobs
lto-wrapper: note: see the ‘-flto’ option documentation for more information
